###############################################################################
#
# IAR ELF Linker V7.10.3.6832/W32 for ARM                 28/Jul/2019  16:21:32
# Copyright 2007-2014 IAR Systems AB.
#
#    Output file  =  
#        D:\CubeMX_Project\Lifi Generator\EWARM\Lifi Generator\Exe\Lifi
#        Generator.out
#    Map file     =  
#        D:\CubeMX_Project\Lifi Generator\EWARM\Lifi Generator/List\Lifi
#        Generator.map
#    Command line =  
#        "D:\CubeMX_Project\Lifi Generator\EWARM\Lifi Generator\Obj\main.o"
#        "D:\CubeMX_Project\Lifi Generator\EWARM\Lifi
#        Generator\Obj\startup_stm32f401xe.o" "D:\CubeMX_Project\Lifi
#        Generator\EWARM\Lifi Generator\Obj\stm32f4xx_hal.o"
#        "D:\CubeMX_Project\Lifi Generator\EWARM\Lifi
#        Generator\Obj\stm32f4xx_hal_cortex.o" "D:\CubeMX_Project\Lifi
#        Generator\EWARM\Lifi Generator\Obj\stm32f4xx_hal_dma.o"
#        "D:\CubeMX_Project\Lifi Generator\EWARM\Lifi
#        Generator\Obj\stm32f4xx_hal_dma_ex.o" "D:\CubeMX_Project\Lifi
#        Generator\EWARM\Lifi Generator\Obj\stm32f4xx_hal_flash.o"
#        "D:\CubeMX_Project\Lifi Generator\EWARM\Lifi
#        Generator\Obj\stm32f4xx_hal_flash_ex.o" "D:\CubeMX_Project\Lifi
#        Generator\EWARM\Lifi Generator\Obj\stm32f4xx_hal_flash_ramfunc.o"
#        "D:\CubeMX_Project\Lifi Generator\EWARM\Lifi
#        Generator\Obj\stm32f4xx_hal_gpio.o" "D:\CubeMX_Project\Lifi
#        Generator\EWARM\Lifi Generator\Obj\stm32f4xx_hal_msp.o"
#        "D:\CubeMX_Project\Lifi Generator\EWARM\Lifi
#        Generator\Obj\stm32f4xx_hal_pwr.o" "D:\CubeMX_Project\Lifi
#        Generator\EWARM\Lifi Generator\Obj\stm32f4xx_hal_pwr_ex.o"
#        "D:\CubeMX_Project\Lifi Generator\EWARM\Lifi
#        Generator\Obj\stm32f4xx_hal_rcc.o" "D:\CubeMX_Project\Lifi
#        Generator\EWARM\Lifi Generator\Obj\stm32f4xx_hal_rcc_ex.o"
#        "D:\CubeMX_Project\Lifi Generator\EWARM\Lifi
#        Generator\Obj\stm32f4xx_hal_tim.o" "D:\CubeMX_Project\Lifi
#        Generator\EWARM\Lifi Generator\Obj\stm32f4xx_hal_tim_ex.o"
#        "D:\CubeMX_Project\Lifi Generator\EWARM\Lifi
#        Generator\Obj\stm32f4xx_hal_uart.o" "D:\CubeMX_Project\Lifi
#        Generator\EWARM\Lifi Generator\Obj\stm32f4xx_it.o"
#        "D:\CubeMX_Project\Lifi Generator\EWARM\Lifi
#        Generator\Obj\system_stm32f4xx.o" --redirect _Printf=_PrintfFull
#        --redirect _Scanf=_ScanfFull -o "D:\CubeMX_Project\Lifi
#        Generator\EWARM\Lifi Generator\Exe\Lifi Generator.out" --map
#        "D:\CubeMX_Project\Lifi Generator\EWARM\Lifi Generator/List\Lifi
#        Generator.map" --config "D:\CubeMX_Project\Lifi
#        Generator\EWARM/stm32f401xe_flash.icf" --semihosting --entry
#        __iar_program_start --vfe
#
###############################################################################

*******************************************************************************
*** RUNTIME MODEL ATTRIBUTES
***

CppFlavor       = *
__SystemLibrary = DLib


*******************************************************************************
*** PLACEMENT SUMMARY
***

"A1":  place at 0x08000000 { ro section .intvec };
"P1":  place in [from 0x08000000 to 0x0807ffff] { ro };
"P2":  place in [from 0x20000000 to 0x20017fff] { rw, block CSTACK, block HEAP };

  Section            Kind        Address    Size  Object
  -------            ----        -------    ----  ------
"A1":                                      0x194
  .intvec            ro code  0x08000000   0x194  startup_stm32f401xe.o [1]
                            - 0x08000194   0x194

"P1":                                     0x1d58
  .text              ro code  0x08000194   0x632  stm32f4xx_hal_tim.o [1]
  .text              ro code  0x080007c6    0x2e  copy_init3.o [5]
  .text              ro code  0x080007f4   0x1bc  stm32f4xx_hal_msp.o [1]
  .text              ro code  0x080009b0   0x2dc  main.o [1]
  .text              ro code  0x08000c8c    0x96  stm32f4xx_hal_tim_ex.o [1]
  .text              ro code  0x08000d22    0x22  zero_init3.o [5]
  .text              ro code  0x08000d44    0xf6  stm32f4xx_hal_cortex.o [1]
  .text              ro code  0x08000e3c   0x1c6  stm32f4xx_hal_gpio.o [1]
  .text              ro code  0x08001004    0x88  stm32f4xx_hal.o [1]
  .text              ro code  0x0800108c   0x5ec  stm32f4xx_hal_uart.o [1]
  .text              ro code  0x08001678   0x460  stm32f4xx_hal_rcc.o [1]
  .text              ro code  0x08001ad8    0x24  stm32f4xx_hal_dma.o [1]
  .text              ro code  0x08001afc    0xee  I64DivMod.o [5]
  .text              ro code  0x08001bec     0x2  I64DivZer.o [5]
  .text              ro code  0x08001bf0    0x60  system_stm32f4xx.o [1]
  .text              ro code  0x08001c50    0x34  stm32f4xx_it.o [1]
  .text              ro code  0x08001c84    0x28  data_init.o [5]
  .iar.init_table    const    0x08001cac    0x24  - Linker created -
  .text              ro code  0x08001cd0    0x1a  fpinit_M.o [4]
  .text              ro code  0x08001cec    0x1a  cmain.o [5]
  .text              ro code  0x08001d06     0x4  low_level_init.o [3]
  .text              ro code  0x08001d0a     0x4  exit.o [3]
  .text              ro code  0x08001d10     0xa  cexit.o [5]
  .text              ro code  0x08001d1c    0x14  exit.o [6]
  .text              ro code  0x08001d30    0x10  startup_stm32f401xe.o [1]
  .text              ro code  0x08001d40     0xc  cstartup_M.o [5]
  .rodata            const    0x08001d4c     0x8  system_stm32f4xx.o [1]
  .text              ro code  0x08001d54     0x4  startup_stm32f401xe.o [1]
  .text              ro code  0x08001d58     0x4  startup_stm32f401xe.o [1]
  .text              ro code  0x08001d5c     0x4  startup_stm32f401xe.o [1]
  .text              ro code  0x08001d60     0x4  startup_stm32f401xe.o [1]
  .text              ro code  0x08001d64     0x4  startup_stm32f401xe.o [1]
  .text              ro code  0x08001d68     0x4  startup_stm32f401xe.o [1]
  .text              ro code  0x08001d6c     0x4  startup_stm32f401xe.o [1]
  .text              ro code  0x08001d70     0x4  startup_stm32f401xe.o [1]
  .text              ro code  0x08001d74     0x4  startup_stm32f401xe.o [1]
  .text              ro code  0x08001d78     0x4  startup_stm32f401xe.o [1]
  .text              ro code  0x08001d7c     0x4  startup_stm32f401xe.o [1]
  .text              ro code  0x08001d80     0x4  startup_stm32f401xe.o [1]
  .text              ro code  0x08001d84     0x4  startup_stm32f401xe.o [1]
  .text              ro code  0x08001d88     0x4  startup_stm32f401xe.o [1]
  .text              ro code  0x08001d8c     0x4  startup_stm32f401xe.o [1]
  .text              ro code  0x08001d90     0x4  startup_stm32f401xe.o [1]
  .text              ro code  0x08001d94     0x4  startup_stm32f401xe.o [1]
  .text              ro code  0x08001d98     0x4  startup_stm32f401xe.o [1]
  .text              ro code  0x08001d9c     0x4  startup_stm32f401xe.o [1]
  .text              ro code  0x08001da0     0x4  startup_stm32f401xe.o [1]
  .text              ro code  0x08001da4     0x4  startup_stm32f401xe.o [1]
  .text              ro code  0x08001da8     0x4  startup_stm32f401xe.o [1]
  .text              ro code  0x08001dac     0x4  startup_stm32f401xe.o [1]
  .text              ro code  0x08001db0     0x4  startup_stm32f401xe.o [1]
  .text              ro code  0x08001db4     0x4  startup_stm32f401xe.o [1]
  .text              ro code  0x08001db8     0x4  startup_stm32f401xe.o [1]
  .text              ro code  0x08001dbc     0x4  startup_stm32f401xe.o [1]
  .text              ro code  0x08001dc0     0x4  startup_stm32f401xe.o [1]
  .text              ro code  0x08001dc4     0x4  startup_stm32f401xe.o [1]
  .text              ro code  0x08001dc8     0x4  startup_stm32f401xe.o [1]
  .text              ro code  0x08001dcc     0x4  startup_stm32f401xe.o [1]
  .text              ro code  0x08001dd0     0x4  startup_stm32f401xe.o [1]
  .text              ro code  0x08001dd4     0x4  startup_stm32f401xe.o [1]
  .text              ro code  0x08001dd8     0x4  startup_stm32f401xe.o [1]
  .text              ro code  0x08001ddc     0x4  startup_stm32f401xe.o [1]
  .text              ro code  0x08001de0     0x4  startup_stm32f401xe.o [1]
  .text              ro code  0x08001de4     0x4  startup_stm32f401xe.o [1]
  .text              ro code  0x08001de8     0x4  startup_stm32f401xe.o [1]
  .text              ro code  0x08001dec     0x4  startup_stm32f401xe.o [1]
  .text              ro code  0x08001df0     0x4  startup_stm32f401xe.o [1]
  .text              ro code  0x08001df4     0x4  startup_stm32f401xe.o [1]
  .text              ro code  0x08001df8     0x4  startup_stm32f401xe.o [1]
  .text              ro code  0x08001dfc     0x4  startup_stm32f401xe.o [1]
  .text              ro code  0x08001e00     0x4  startup_stm32f401xe.o [1]
  .text              ro code  0x08001e04     0x4  startup_stm32f401xe.o [1]
  .text              ro code  0x08001e08     0x4  startup_stm32f401xe.o [1]
  .text              ro code  0x08001e0c     0x4  startup_stm32f401xe.o [1]
  .text              ro code  0x08001e10     0x4  startup_stm32f401xe.o [1]
  .text              ro code  0x08001e14     0x4  startup_stm32f401xe.o [1]
  .text              ro code  0x08001e18     0x4  startup_stm32f401xe.o [1]
  .text              ro code  0x08001e1c     0x4  startup_stm32f401xe.o [1]
  .text              ro code  0x08001e20     0x4  startup_stm32f401xe.o [1]
  .text              ro code  0x08001e24     0x4  startup_stm32f401xe.o [1]
  .text              ro code  0x08001e28     0x4  startup_stm32f401xe.o [1]
  .text              ro code  0x08001e2c     0x4  startup_stm32f401xe.o [1]
  .text              ro code  0x08001e30     0x4  startup_stm32f401xe.o [1]
  .text              ro code  0x08001e34     0x4  startup_stm32f401xe.o [1]
  .text              ro code  0x08001e38     0x4  startup_stm32f401xe.o [1]
  .text              ro code  0x08001e3c     0x4  startup_stm32f401xe.o [1]
  .text              ro code  0x08001e40     0x4  startup_stm32f401xe.o [1]
  .rodata            const    0x08001e44     0x0  zero_init3.o [5]
  .rodata            const    0x08001e44     0x0  copy_init3.o [5]
  Initializer bytes  ro data  0x08001e44    0xa8  <for P2 s0>
                            - 0x08001eec  0x1d58

"P2", part 1 of 3:                          0xa8
  P2 s0                       0x20000000    0xa8  <Init block>
    .data            inited   0x20000000    0x98  main.o [1]
    .data            inited   0x20000098     0xc  stm32f4xx_hal.o [1]
    .data            inited   0x200000a4     0x4  system_stm32f4xx.o [1]
                            - 0x200000a8    0xa8

"P2", part 2 of 3:                          0x80
  .bss               zero     0x200000a8    0x40  main.o [1]
  .bss               zero     0x200000e8    0x3c  main.o [1]
                            - 0x20000124    0x7c

"P2", part 3 of 3:                         0x400
  CSTACK                      0x20000128   0x400  <Block>
    CSTACK           uninit   0x20000128   0x400  <Block tail>
                            - 0x20000528   0x400


*******************************************************************************
*** INIT TABLE
***

          Address     Size
          -------     ----
Zero (__iar_zero_init3)
    1 destination range, total size 0x7c:
          0x200000a8  0x7c

Copy (__iar_copy_init3)
    1 source range, total size 0xa8:
          0x08001e44  0xa8
    1 destination range, total size 0xa8:
          0x20000000  0xa8



*******************************************************************************
*** MODULE SUMMARY
***

    Module                  ro code  ro data  rw data
    ------                  -------  -------  -------
D:\CubeMX_Project\Lifi Generator\EWARM\Lifi Generator\Obj: [1]
    main.o                      732      152      276
    startup_stm32f401xe.o       660
    stm32f4xx_hal.o             136       12       12
    stm32f4xx_hal_cortex.o      246
    stm32f4xx_hal_dma.o          36
    stm32f4xx_hal_gpio.o        454
    stm32f4xx_hal_msp.o         444
    stm32f4xx_hal_rcc.o       1 120
    stm32f4xx_hal_tim.o       1 586
    stm32f4xx_hal_tim_ex.o      150
    stm32f4xx_hal_uart.o      1 516
    stm32f4xx_it.o               52
    system_stm32f4xx.o           96       12        4
    -------------------------------------------------
    Total:                    7 228      176      292

command line: [2]
    -------------------------------------------------
    Total:

dl7M_tlf.a: [3]
    exit.o                        4
    low_level_init.o              4
    -------------------------------------------------
    Total:                        8

m7M_tlv.a: [4]
    fpinit_M.o                   26
    -------------------------------------------------
    Total:                       26

rt7M_tl.a: [5]
    I64DivMod.o                 238
    I64DivZer.o                   2
    cexit.o                      10
    cmain.o                      26
    copy_init3.o                 46
    cstartup_M.o                 12
    data_init.o                  40
    zero_init3.o                 34
    -------------------------------------------------
    Total:                      408

shb_l.a: [6]
    exit.o                       20
    -------------------------------------------------
    Total:                       20

    Gaps                         14
    Linker created                        36    1 024
-----------------------------------------------------
    Grand Total:              7 704      212    1 316


*******************************************************************************
*** ENTRY LIST
***

Entry                      Address   Size  Type      Object
-----                      -------   ----  ----      ------
?main                   0x08001ced         Code  Gb  cmain.o [5]
AHBPrescTable           0x08001c40   0x10  Data  Gb  system_stm32f4xx.o [1]
APBPrescTable           0x08001d4c    0x8  Data  Gb  system_stm32f4xx.o [1]
CSTACK$$Base            0x20000128          --   Gb  - Linker created -
CSTACK$$Limit           0x20000528          --   Gb  - Linker created -
EXTI15_10_IRQHandler    0x08001c7d    0x8  Code  Gb  stm32f4xx_it.o [1]
HAL_DMA_Abort_IT        0x08001ad9   0x24  Code  Gb  stm32f4xx_hal_dma.o [1]
HAL_GPIO_EXTI_Callback  0x08001001    0x2  Code  Wk  stm32f4xx_hal_gpio.o [1]
HAL_GPIO_EXTI_IRQHandler
                        0x08000fc7   0x14  Code  Gb  stm32f4xx_hal_gpio.o [1]
HAL_GPIO_Init           0x08000e3d  0x182  Code  Gb  stm32f4xx_hal_gpio.o [1]
HAL_GPIO_WritePin       0x08000fbf    0x8  Code  Gb  stm32f4xx_hal_gpio.o [1]
HAL_GetTick             0x0800107b    0x6  Code  Wk  stm32f4xx_hal.o [1]
HAL_IncTick             0x0800106d    0xe  Code  Wk  stm32f4xx_hal.o [1]
HAL_Init                0x08001005   0x30  Code  Gb  stm32f4xx_hal.o [1]
HAL_InitTick            0x08001035   0x38  Code  Wk  stm32f4xx_hal.o [1]
HAL_MspInit             0x080007f5   0x60  Code  Gb  stm32f4xx_hal_msp.o [1]
HAL_NVIC_EnableIRQ      0x08000dc5    0xc  Code  Gb  stm32f4xx_hal_cortex.o [1]
HAL_NVIC_SetPriority    0x08000d83   0x42  Code  Gb  stm32f4xx_hal_cortex.o [1]
HAL_NVIC_SetPriorityGrouping
                        0x08000d69   0x1a  Code  Gb  stm32f4xx_hal_cortex.o [1]
HAL_RCC_ClockConfig     0x08001927  0x10a  Code  Gb  stm32f4xx_hal_rcc.o [1]
HAL_RCC_GetHCLKFreq     0x08001a7d    0x6  Code  Gb  stm32f4xx_hal_rcc.o [1]
HAL_RCC_GetPCLK1Freq    0x08001a83   0x10  Code  Gb  stm32f4xx_hal_rcc.o [1]
HAL_RCC_GetPCLK2Freq    0x08001a93    0xe  Code  Gb  stm32f4xx_hal_rcc.o [1]
HAL_RCC_GetSysClockFreq
                        0x08001a31   0x4c  Code  Wk  stm32f4xx_hal_rcc.o [1]
HAL_RCC_OscConfig       0x08001679  0x2a6  Code  Wk  stm32f4xx_hal_rcc.o [1]
HAL_SYSTICK_CLKSourceConfig
                        0x08000e01   0x14  Code  Gb  stm32f4xx_hal_cortex.o [1]
HAL_SYSTICK_Callback    0x08000e39    0x2  Code  Wk  stm32f4xx_hal_cortex.o [1]
HAL_SYSTICK_Config      0x08000dd9   0x28  Code  Gb  stm32f4xx_hal_cortex.o [1]
HAL_SYSTICK_IRQHandler  0x08000e31    0x8  Code  Gb  stm32f4xx_hal_cortex.o [1]
HAL_TIMEx_BreakCallback
                        0x08000d09    0x2  Code  Wk  stm32f4xx_hal_tim_ex.o [1]
HAL_TIMEx_CommutationCallback
                        0x08000d07    0x2  Code  Wk  stm32f4xx_hal_tim_ex.o [1]
HAL_TIMEx_MasterConfigSynchronization
                        0x08000cbd   0x4a  Code  Gb  stm32f4xx_hal_tim_ex.o [1]
HAL_TIMEx_PWMN_Start    0x08000c8d    0xa  Code  Gb  stm32f4xx_hal_tim_ex.o [1]
HAL_TIM_Base_Init       0x08000195   0x1a  Code  Gb  stm32f4xx_hal_tim.o [1]
HAL_TIM_Base_MspInit    0x0800087b   0x38  Code  Gb  stm32f4xx_hal_msp.o [1]
HAL_TIM_Base_Start_IT   0x080001af   0x16  Code  Gb  stm32f4xx_hal_tim.o [1]
HAL_TIM_ConfigClockSource
                        0x080004a1   0xb4  Code  Gb  stm32f4xx_hal_tim.o [1]
HAL_TIM_IC_CaptureCallback
                        0x08000577    0x2  Code  Wk  stm32f4xx_hal_tim.o [1]
HAL_TIM_IRQHandler      0x08000285  0x14a  Code  Gb  stm32f4xx_hal_tim.o [1]
HAL_TIM_MspPostInit     0x080008b3   0x2c  Code  Gb  stm32f4xx_hal_msp.o [1]
HAL_TIM_OC_DelayElapsedCallback
                        0x08000575    0x2  Code  Wk  stm32f4xx_hal_tim.o [1]
HAL_TIM_PWM_ConfigChannel
                        0x080003cf   0xd2  Code  Gb  stm32f4xx_hal_tim.o [1]
HAL_TIM_PWM_Init        0x080001dd   0x1a  Code  Gb  stm32f4xx_hal_tim.o [1]
HAL_TIM_PWM_MspInit     0x08000855   0x26  Code  Gb  stm32f4xx_hal_msp.o [1]
HAL_TIM_PWM_PulseFinishedCallback
                        0x08000579    0x2  Code  Wk  stm32f4xx_hal_tim.o [1]
HAL_TIM_PWM_Start       0x080001f7    0x8  Code  Gb  stm32f4xx_hal_tim.o [1]
HAL_TIM_PeriodElapsedCallback
                        0x080009b1   0x1c  Code  Gb  main.o [1]
HAL_TIM_TriggerCallback
                        0x0800057b    0x2  Code  Wk  stm32f4xx_hal_tim.o [1]
HAL_UART_ErrorCallback  0x080013bf    0x2  Code  Wk  stm32f4xx_hal_uart.o [1]
HAL_UART_IRQHandler     0x08001273  0x148  Code  Gb  stm32f4xx_hal_uart.o [1]
HAL_UART_Init           0x0800108d   0x30  Code  Gb  stm32f4xx_hal_uart.o [1]
HAL_UART_MspInit        0x080008df   0xa4  Code  Gb  stm32f4xx_hal_msp.o [1]
HAL_UART_Receive        0x080011a1   0xb0  Code  Gb  stm32f4xx_hal_uart.o [1]
HAL_UART_RxCpltCallback
                        0x080013bd    0x2  Code  Wk  stm32f4xx_hal_uart.o [1]
HAL_UART_Transmit       0x080010f9   0xa8  Code  Gb  stm32f4xx_hal_uart.o [1]
HAL_UART_TxCpltCallback
                        0x080013bb    0x2  Code  Wk  stm32f4xx_hal_uart.o [1]
LED_CCR                 0x200000a8    0x2  Data  Gb  main.o [1]
MX_TIM3_Init            0x08000bf7   0x5a  Code  Lc  main.o [1]
NVIC_GetPriorityGrouping
                        0x08000d45    0xa  Code  Lc  stm32f4xx_hal_cortex.o [1]
NVIC_SetPriority        0x08000d4f   0x1a  Code  Lc  stm32f4xx_hal_cortex.o [1]
Region$$Table$$Base     0x08001cac          --   Gb  - Linker created -
Region$$Table$$Limit    0x08001cd0          --   Gb  - Linker created -
SysTick_Handler         0x08001c51    0xe  Code  Gb  stm32f4xx_it.o [1]
SystemClock_Config      0x08000b47   0xb0  Code  Gb  main.o [1]
SystemCoreClock         0x200000a4    0x4  Data  Gb  system_stm32f4xx.o [1]
SystemInit              0x08001bf1   0x3a  Code  Gb  system_stm32f4xx.o [1]
TIM1_BRK_TIM9_IRQHandler
                        0x08001c5f    0x6  Code  Gb  stm32f4xx_it.o [1]
TIM_Base_SetConfig      0x0800057d   0x72  Code  Gb  stm32f4xx_hal_tim.o [1]
TIM_CCxChannelCmd       0x08000643   0x18  Code  Gb  stm32f4xx_hal_tim.o [1]
TIM_CCxNChannelCmd      0x08000d0b   0x18  Code  Lc  stm32f4xx_hal_tim_ex.o [1]
TIM_ETR_SetConfig       0x080007b3   0x14  Code  Lc  stm32f4xx_hal_tim.o [1]
TIM_ITRx_SetConfig      0x080007a3   0x10  Code  Lc  stm32f4xx_hal_tim.o [1]
TIM_OC1_SetConfig       0x0800065b   0x4a  Code  Lc  stm32f4xx_hal_tim.o [1]
TIM_OC2_SetConfig       0x080005ef   0x52  Code  Gb  stm32f4xx_hal_tim.o [1]
TIM_OC3_SetConfig       0x080006a5   0x50  Code  Lc  stm32f4xx_hal_tim.o [1]
TIM_OC4_SetConfig       0x080006f5   0x40  Code  Lc  stm32f4xx_hal_tim.o [1]
TIM_TI1_ConfigInputStage
                        0x0800075d   0x22  Code  Lc  stm32f4xx_hal_tim.o [1]
TIM_TI2_ConfigInputStage
                        0x0800077f   0x24  Code  Lc  stm32f4xx_hal_tim.o [1]
UART_DMAAbortOnError    0x08001441   0x10  Code  Lc  stm32f4xx_hal_uart.o [1]
UART_EndRxTransfer      0x08001421   0x1c  Code  Lc  stm32f4xx_hal_uart.o [1]
UART_Receive_IT         0x08001451   0x7e  Code  Lc  stm32f4xx_hal_uart.o [1]
UART_SetConfig          0x080014dd  0x18e  Code  Lc  stm32f4xx_hal_uart.o [1]
UART_WaitOnFlagUntilTimeout
                        0x080013c1   0x60  Code  Lc  stm32f4xx_hal_uart.o [1]
USART1_IRQHandler       0x08001c65    0x6  Code  Gb  stm32f4xx_it.o [1]
USART2_IRQHandler       0x08001c6b    0x6  Code  Gb  stm32f4xx_it.o [1]
UsartData               0x2000008c    0xc  Data  Gb  main.o [1]
__aeabi_ldiv0           0x08001bed         Code  Gb  I64DivZer.o [5]
__aeabi_uldivmod        0x08001afd         Code  Gb  I64DivMod.o [5]
__cmain                 0x08001ced         Code  Gb  cmain.o [5]
__exit                  0x08001d1d   0x14  Code  Gb  exit.o [6]
__iar_copy_init3        0x080007c7   0x2e  Code  Gb  copy_init3.o [5]
__iar_data_init3        0x08001c85   0x28  Code  Gb  data_init.o [5]
__iar_init_vfp          0x08001cd1         Code  Gb  fpinit_M.o [4]
__iar_program_start     0x08001d41         Code  Gb  cstartup_M.o [5]
__iar_zero_init3        0x08000d23   0x22  Code  Gb  zero_init3.o [5]
__low_level_init        0x08001d07    0x4  Code  Gb  low_level_init.o [3]
__vector_table          0x08000000         Data  Gb  startup_stm32f401xe.o [1]
_call_main              0x08001cf9         Code  Gb  cmain.o [5]
_exit                   0x08001d11         Code  Gb  cexit.o [5]
_main                   0x08001d03         Code  Gb  cmain.o [5]
bufftx                  0x20000080    0xc  Data  Gb  main.o [1]
exit                    0x08001d0b    0x4  Code  Gb  exit.o [3]
htim3                   0x200000e8   0x3c  Data  Gb  main.o [1]
htim9                   0x200000ac   0x3c  Data  Gb  main.o [1]
huart1                  0x20000000   0x40  Data  Gb  main.o [1]
huart2                  0x20000040   0x40  Data  Gb  main.o [1]
main                    0x080009cd  0x16e  Code  Gb  main.o [1]
uwTick                  0x2000009c    0x4  Data  Gb  stm32f4xx_hal.o [1]
uwTickFreq              0x20000098    0x1  Data  Gb  stm32f4xx_hal.o [1]
uwTickPrio              0x200000a0    0x4  Data  Gb  stm32f4xx_hal.o [1]


[1] = D:\CubeMX_Project\Lifi Generator\EWARM\Lifi Generator\Obj
[2] = command line
[3] = dl7M_tlf.a
[4] = m7M_tlv.a
[5] = rt7M_tl.a
[6] = shb_l.a

  7 704 bytes of readonly  code memory
    212 bytes of readonly  data memory
  1 316 bytes of readwrite data memory

Errors: none
Warnings: none
